sjmg@clL18-17:~/Escritorio/git/sesion_1$ git config --global user.name "Sergio Molina Garcia"
sjmg@clL18-17:~/Escritorio/git/sesion_1$ git config --global user.email "sjmg1982@gmail.com"
sjmg@clL18-17:~/Escritorio/git/sesion_1$ git config --global core.editor nano
sjmg@clL18-17:~/Escritorio/git/sesion_1$ git config --list
user.name=Sergio Molina Garcia
user.email=sjmg1982@gmail.com
core.editor=nano
sjmg@clL18-17:~/Escritorio/git/sesion_1$ git init
Initialized empty Git repository in /home/sjmg/Escritorio/git/sesion_1/.git/
sjmg@clL18-17:~/Escritorio/git/sesion_1$ ls -la
total 24
drwxr-xr-x 5 sjmg alumnos 4096 Jan 19 16:59 .
drwxr-xr-x 3 sjmg alumnos 4096 Jan 19 16:25 ..
drwxr-xr-x 2 sjmg alumnos 4096 Nov 26 13:52 css
drwxr-xr-x 7 sjmg alumnos 4096 Jan 19 16:59 .git
drwxr-xr-x 2 sjmg alumnos 4096 Dec  6 18:41 imagenes
-rw-r--r-- 1 sjmg alumnos 2248 Dec  6 18:59 index.html
sjmg@clL18-17:~/Escritorio/git/sesion_1$ cd .git
sjmg@clL18-17:~/Escritorio/git/sesion_1/.git$ ls -la
total 40
drwxr-xr-x 7 sjmg alumnos 4096 Jan 19 16:59 .
drwxr-xr-x 5 sjmg alumnos 4096 Jan 19 16:59 ..
drwxr-xr-x 2 sjmg alumnos 4096 Jan 19 16:59 branches
-rw-r--r-- 1 sjmg alumnos   92 Jan 19 16:59 config
-rw-r--r-- 1 sjmg alumnos   73 Jan 19 16:59 description
-rw-r--r-- 1 sjmg alumnos   23 Jan 19 16:59 HEAD
drwxr-xr-x 2 sjmg alumnos 4096 Jan 19 16:59 hooks
drwxr-xr-x 2 sjmg alumnos 4096 Jan 19 16:59 info
drwxr-xr-x 4 sjmg alumnos 4096 Jan 19 16:59 objects
drwxr-xr-x 4 sjmg alumnos 4096 Jan 19 16:59 refs
sjmg@clL18-17:~/Escritorio/git/sesion_1/.git$ cd ..
sjmg@clL18-17:~/Escritorio/git/sesion_1$ ls -la
total 28
drwxr-xr-x 5 sjmg alumnos 4096 Jan 19 17:03 .
drwxr-xr-x 3 sjmg alumnos 4096 Jan 19 16:25 ..
drwxr-xr-x 2 sjmg alumnos 4096 Nov 26 13:52 css
drwxr-xr-x 7 sjmg alumnos 4096 Jan 19 17:03 .git
-rw-r--r-- 1 sjmg alumnos   10 Dec  6 18:44 .gitignore
drwxr-xr-x 2 sjmg alumnos 4096 Dec  6 18:41 imagenes
-rw-r--r-- 1 sjmg alumnos 2248 Dec  6 18:59 index.html
sjmg@clL18-17:~/Escritorio/git/sesion_1$ gedit .git
.git/       .gitignore
sjmg@clL18-17:~/Escritorio/git/sesion_1$ gedit .git
.git/       .gitignore
sjmg@clL18-17:~/Escritorio/git/sesion_1$ gedit .git
.git/       .gitignore
sjmg@clL18-17:~/Escritorio/git/sesion_1$ gedit .gitignore
sjmg@clL18-17:~/Escritorio/git/sesion_1$ git status
On branch master

Initial commit

Untracked files:
  (use "git add <file>..." to include in what will be committed)

        .gitignore
        css/
        imagenes/
        index.html

nothing added to commit but untracked files present (use "git add" to track)
sjmg@clL18-17:~/Escritorio/git/sesion_1$ git add index.html
sjmg@clL18-17:~/Escritorio/git/sesion_1$ git add css
sjmg@clL18-17:~/Escritorio/git/sesion_1$ git status
On branch master

Initial commit

Changes to be committed:
  (use "git rm --cached <file>..." to unstage)

        new file:   css/layout.css
        new file:   index.html

Untracked files:
  (use "git add <file>..." to include in what will be committed)

        .gitignore
        imagenes/

sjmg@clL18-17:~/Escritorio/git/sesion_1$ git add .gitignore
sjmg@clL18-17:~/Escritorio/git/sesion_1$ gis status
No command 'gis' found, did you mean:
 Command 'gdis' from package 'gdis' (universe)
 Command 'gip' from package 'gip' (universe)
 Command 'gss' from package 'libgss-dev' (universe)
 Command 'gij' from package 'gcj-jre-headless' (universe)
 Command 'gjs' from package 'gjs' (universe)
 Command 'gid' from package 'id-utils' (universe)
 Command 'gs' from package 'ghostscript' (main)
 Command 'qgis' from package 'qgis-provider-grass' (universe)
 Command 'qgis' from package 'qgis' (universe)
 Command 'gist' from package 'yorick' (universe)
 Command 'fis' from package 'redboot-tools' (universe)
 Command 'gsi' from package 'gambc' (universe)
 Command 'git' from package 'git' (main)
gis: command not found
sjmg@clL18-17:~/Escritorio/git/sesion_1$ gut status
No command 'gut' found, did you mean:
 Command 'gmt' from package 'gmt' (universe)
 Command 'gout' from package 'scotch' (universe)
 Command 'gpt' from package 'gpt' (universe)
 Command 'gt' from package 'genometools' (universe)
 Command 'gst' from package 'gnu-smalltalk' (universe)
 Command 'cut' from package 'coreutils' (main)
 Command 'git' from package 'git' (main)
gut: command not found
sjmg@clL18-17:~/Escritorio/git/sesion_1$ git status
On branch master

Initial commit

Changes to be committed:
  (use "git rm --cached <file>..." to unstage)

        new file:   .gitignore
        new file:   css/layout.css
        new file:   index.html

Untracked files:
  (use "git add <file>..." to include in what will be committed)

        imagenes/

sjmg@clL18-17:~/Escritorio/git/sesion_1$ git commit -m "subida inicial"
[master (root-commit) 03633b5] subida inicial
 3 files changed, 78 insertions(+)
 create mode 100644 .gitignore
 create mode 100644 css/layout.css
 create mode 100644 index.html
sjmg@clL18-17:~/Escritorio/git/sesion_1$ git log
commit 03633b50e99ee27be59cb795f8670863db2e5b40
Author: Sergio Molina Garcia <sjmg1982@gmail.com>
Date:   Fri Jan 19 17:11:02 2018 +0100

    subida inicial
sjmg@clL18-17:~/Escritorio/git/sesion_1$ git log --oneline
03633b5 subida inicial
sjmg@clL18-17:~/Escritorio/git/sesion_1$ git remote add origin https://github.com/sjmg1982/curso-git-repo1.git
sjmg@clL18-17:~/Escritorio/git/sesion_1$ git remote
origin
sjmg@clL18-17:~/Escritorio/git/sesion_1$ git push -u origin master
Username for 'https://github.com': sjmg@alu.ua.es
Password for 'https://sjmg@alu.ua.es@github.com':
Counting objects: 6, done.
Delta compression using up to 2 threads.
Compressing objects: 100% (4/4), done.
Writing objects: 100% (6/6), 1.49 KiB | 0 bytes/s, done.
Total 6 (delta 0), reused 0 (delta 0)
To https://github.com/sjmg1982/curso-git-repo1.git
 * [new branch]      master -> master
Branch master set up to track remote branch master from origin.
sjmg@clL18-17:~/Escritorio/git/sesion_1$ git branch -vva
* master                03633b5 [origin/master] subida inicial
  remotes/origin/master 03633b5 subida inicial
sjmg@clL18-17:~/Escritorio/git/sesion_1$ git status
On branch master
Your branch is up-to-date with 'origin/master'.
Untracked files:
  (use "git add <file>..." to include in what will be committed)

        imagenes/
        terminal.txt

nothing added to commit but untracked files present (use "git add" to track)
sjmg@clL18-17:~/Escritorio/git/sesion_1$ git add terminal.txt
sjmg@clL18-17:~/Escritorio/git/sesion_1$ git add imagenes/
sjmg@clL18-17:~/Escritorio/git/sesion_1$ git commit -u "subida 2"
error: pathspec 'subida 2' did not match any file(s) known to git.
sjmg@clL18-17:~/Escritorio/git/sesion_1$ git commit -m "subida 2"
[master 78bb3e7] subida 2
 2 files changed, 157 insertions(+)
 create mode 100644 imagenes/increibles.png
 create mode 100644 terminal.txt
sjmg@clL18-17:~/Escritorio/git/sesion_1$ git push -u origin master
Username for 'https://github.com': sjmg@alu.ua.es
Password for 'https://sjmg@alu.ua.es@github.com':
remote: Invalid username or password.
fatal: Authentication failed for 'https://github.com/sjmg1982/curso-git-repo1.git/'
sjmg@clL18-17:~/Escritorio/git/sesion_1$ git push -u origin master
Username for 'https://github.com': sjmg@alu.ua.es
Password for 'https://sjmg@alu.ua.es@github.com':
Counting objects: 5, done.
Delta compression using up to 2 threads.
Compressing objects: 100% (4/4), done.
Writing objects: 100% (5/5), 47.42 KiB | 0 bytes/s, done.
Total 5 (delta 0), reused 0 (delta 0)
To https://github.com/sjmg1982/curso-git-repo1.git
   03633b5..78bb3e7  master -> master
Branch master set up to track remote branch master from origin.
sjmg@clL18-17:~/Escritorio/git/sesion_1$ git config credential.helper store
sjmg@clL18-17:~/Escritorio/git/sesion_1$